WARNING: All log messages before absl::InitializeLog() is called are written to STDERR
I0000 00:00:1788596008.057344 2523434 port.cc:153] oneDNN custom operations are on. You may see slightly different numerical results due to floating-point round-off errors from different computation orders. To turn them off, set the environment variable `TF_ENABLE_ONEDNN_OPTS=0`.
I0000 00:00:1788596008.085367 2523434 cpu_feature_guard.cc:227] This TensorFlow binary is optimized to use available CPU instructions in performance-critical operations.
To enable the following instructions: AVX2 AVX_VNNI FMA, in other operations, rebuild TensorFlow with the appropriate compiler flags.
WARNING: All log messages before absl::InitializeLog() is called are written to STDERR
I0000 00:00:1788596008.900485 2523434 port.cc:153] oneDNN custom operations are on. You may see slightly different numerical results due to floating-point round-off errors from different computation orders. To turn them off, set the environment variable `TF_ENABLE_ONEDNN_OPTS=0`.
/home/mi/.local/lib/python3.12/site-packages/keras/src/trainers/data_adapters/py_dataset_adapter.py:121: UserWarning: Your `PyDataset` class should call `super().__init__(**kwargs)` in its constructor. `**kwargs` can include `workers`, `use_multiprocessing`, `max_queue_size`. Do not pass these arguments to `fit()`, as they will be ignored.
  self._warn_if_super_not_called()
I0000 00:00:1788596009.926662 2523434 generator_dataset_op.cc:213] Memory patch applied: M_TRIM_THRESHOLD=128 kb was set.
class_weight: {0: np.float64(2.7016666666666667), 1: np.float64(0.42815636555731645), 2: np.float64(3.39832285115304)} classes: [np.str_('target'), np.str_('unknown'), np.str_('background')]
seed 42: 部署阈值=0.7536 val召回 0dB=0.667 -6dB=0.667 score=0.667 同嗓音负样本 max=0.470 误报率@部署阈值=0.0%
seed 7: 部署阈值=0.6993 val召回 0dB=0.667 -6dB=0.833 score=0.750 同嗓音负样本 max=0.400 误报率@部署阈值=0.0%
seed 2026: 部署阈值=0.9127 val召回 0dB=0.500 -6dB=0.667 score=0.583 同嗓音负样本 max=0.202 误报率@部署阈值=0.0%
seed 123: 部署阈值=0.6138 val召回 0dB=0.667 -6dB=0.833 score=0.750 同嗓音负样本 max=0.525 误报率@部署阈值=0.0%
seed 999: 部署阈值=0.7142 val召回 0dB=0.667 -6dB=0.833 score=0.750 同嗓音负样本 max=0.259 误报率@部署阈值=0.0%
seed 3407: 部署阈值=0.7833 val召回 0dB=0.667 -6dB=0.833 score=0.750 同嗓音负样本 max=0.080 误报率@部署阈值=0.0%
选用 seed 7 (score=0.750)

TEST acc=0.9846
部署阈值=0.6993 (F1最优=0.6993) test@部署阈值: 误报=2 漏报=1
val target 召回@部署阈值: 0dB=0.667 -6dB=0.833
              precision    recall  f1-score   support

      target     0.7500    0.8571    0.8000         7
     unknown     1.0000    0.9858    0.9929       212
  background     0.9524    1.0000    0.9756        40

    accuracy                         0.9846       259
   macro avg     0.9008    0.9477    0.9228       259
weighted avg     0.9859    0.9846    0.9850       259

已保存 metrics.json
已保存 confusion_matrix.png
