WARNING: All log messages before absl::InitializeLog() is called are written to STDERR
I0000 00:00:1788592860.065288 2373286 port.cc:153] oneDNN custom operations are on. You may see slightly different numerical results due to floating-point round-off errors from different computation orders. To turn them off, set the environment variable `TF_ENABLE_ONEDNN_OPTS=0`.
I0000 00:00:1788592860.093569 2373286 cpu_feature_guard.cc:227] This TensorFlow binary is optimized to use available CPU instructions in performance-critical operations.
To enable the following instructions: AVX2 AVX_VNNI FMA, in other operations, rebuild TensorFlow with the appropriate compiler flags.
WARNING: All log messages before absl::InitializeLog() is called are written to STDERR
I0000 00:00:1788592860.910030 2373286 port.cc:153] oneDNN custom operations are on. You may see slightly different numerical results due to floating-point round-off errors from different computation orders. To turn them off, set the environment variable `TF_ENABLE_ONEDNN_OPTS=0`.
/home/mi/.local/lib/python3.12/site-packages/keras/src/trainers/data_adapters/py_dataset_adapter.py:121: UserWarning: Your `PyDataset` class should call `super().__init__(**kwargs)` in its constructor. `**kwargs` can include `workers`, `use_multiprocessing`, `max_queue_size`. Do not pass these arguments to `fit()`, as they will be ignored.
  self._warn_if_super_not_called()
I0000 00:00:1788592861.968722 2373286 generator_dataset_op.cc:213] Memory patch applied: M_TRIM_THRESHOLD=128 kb was set.
class_weight: {0: np.float64(2.861666666666667), 1: np.float64(0.421453117329406), 2: np.float64(3.59958071278826)} classes: [np.str_('target'), np.str_('unknown'), np.str_('background')]
seed 42: 部署阈值=0.8517 val召回 0dB=0.667 -6dB=0.667 score=0.667 同嗓音负样本 max=0.511 误报率@部署阈值=0.0%
seed 7: 部署阈值=0.6156 val召回 0dB=0.167 -6dB=0.000 score=0.083 同嗓音负样本 max=0.415 误报率@部署阈值=0.0%
seed 2026: 部署阈值=0.7743 val召回 0dB=0.667 -6dB=0.833 score=0.750 同嗓音负样本 max=0.474 误报率@部署阈值=0.0%
seed 123: 部署阈值=0.4543 val召回 0dB=0.000 -6dB=0.000 score=0.000 同嗓音负样本 max=0.454 误报率@部署阈值=5.6%
seed 999: 部署阈值=0.5584 val召回 0dB=0.333 -6dB=0.167 score=0.250 同嗓音负样本 max=0.545 误报率@部署阈值=0.0%
seed 3407: 部署阈值=0.7609 val召回 0dB=0.500 -6dB=0.333 score=0.417 同嗓音负样本 max=0.494 误报率@部署阈值=0.0%
选用 seed 2026 (score=0.750)

TEST acc=0.9771
部署阈值=0.7743 (F1最优=0.7743) test@部署阈值: 误报=1 漏报=1
val target 召回@部署阈值: 0dB=0.667 -6dB=0.833
              precision    recall  f1-score   support

      target     0.8571    0.8571    0.8571         7
     unknown     0.9953    0.9767    0.9859       215
  background     0.9091    1.0000    0.9524        40

    accuracy                         0.9771       262
   macro avg     0.9205    0.9446    0.9318       262
weighted avg     0.9784    0.9771    0.9774       262

已保存 metrics.json
已保存 confusion_matrix.png
